🚀 Building widget for client: bindfo-123...
📦 Copying custom source code...
🔨 Running Vite build...

> widget-builder@1.0.0 build
> vite build

vite v7.3.1 building client environment for production...
transforming...
✓ 2246 modules transformed.
✗ Build failed in 3.53s
error during build:
src/main.jsx (5:7): "Widget" is not exported by "src/components/Widget.jsx", imported by "src/main.jsx".
file: /Users/devlink007/ProjectsFor1M$/AIWidget/.agent/widget-builder/src/main.jsx:5:7

3: 
4: // Inject global config
5: window.__WIDGET_CONFIG__ = __WIDGET_CONFIG__;
          ^
6: 
7: // Create Shadow DOM container for style isolation

    at getRollupError (file:///Users/devlink007/ProjectsFor1M$/AIWidget/.agent/widget-builder/node_modules/rollup/dist/es/shared/parseAst.js:402:41)
    at error (file:///Users/devlink007/ProjectsFor1M$/AIWidget/.agent/widget-builder/node_modules/rollup/dist/es/shared/parseAst.js:398:42)
    at Module.error (file:///Users/devlink007/ProjectsFor1M$/AIWidget/.agent/widget-builder/node_modules/rollup/dist/es/shared/node-entry.js:17040:16)
    at Module.traceVariable (file:///Users/devlink007/ProjectsFor1M$/AIWidget/.agent/widget-builder/node_modules/rollup/dist/es/shared/node-entry.js:17452:29)
    at ModuleScope.findVariable (file:///Users/devlink007/ProjectsFor1M$/AIWidget/.agent/widget-builder/node_modules/rollup/dist/es/shared/node-entry.js:15070:39)
    at ChildScope.findVariable (file:///Users/devlink007/ProjectsFor1M$/AIWidget/.agent/widget-builder/node_modules/rollup/dist/es/shared/node-entry.js:5673:38)
    at ClassBodyScope.findVariable (file:///Users/devlink007/ProjectsFor1M$/AIWidget/.agent/widget-builder/node_modules/rollup/dist/es/shared/node-entry.js:5673:38)
    at ChildScope.findVariable (file:///Users/devlink007/ProjectsFor1M$/AIWidget/.agent/widget-builder/node_modules/rollup/dist/es/shared/node-entry.js:5673:38)
    at ChildScope.findVariable (file:///Users/devlink007/ProjectsFor1M$/AIWidget/.agent/widget-builder/node_modules/rollup/dist/es/shared/node-entry.js:5673:38)
    at FunctionScope.findVariable (file:///Users/devlink007/ProjectsFor1M$/AIWidget/.agent/widget-builder/node_modules/rollup/dist/es/shared/node-entry.js:5673:38)
❌ Build failed
